

  █ THRESHOLDS 

    checks
    ✓ 'rate==1' rate=100.00%

    load_early_closed
    ✓ 'count==0' count=0

    load_socket_errors
    ✗ 'count==0' count=9


  █ TOTAL RESULTS 

    checks_total.......: 10000   32.181388/s
    checks_succeeded...: 100.00% 10000 out of 10000
    checks_failed......: 0.00%   0 out of 10000


    CUSTOM
    load_closed...................: 10000    32.181388/s
    load_early_closed.............: 0        0/s
    load_handshake_failures.......: 0        0/s
    load_handshake_ms.............: avg=3.7ms    min=1ms    med=4ms    max=71ms    p(90)=5ms      p(95)=5ms      p(99)=6ms   
    load_malformed_delivery.......: 0        0/s
    load_nonmonotonic_delivery....: 0        0/s
    load_opened...................: 10000    32.181388/s
    load_ramp_connection_errors...: 0        0/s
    load_ramp_reconnects..........: 0        0/s
    load_received.................: 11999900 38617.344357/s
    load_received_frames..........: 0        0/s
    load_send_slots_skipped.......: 0        0/s
    load_sent.....................: 119999   386.173444/s
    load_socket_errors............: 9        0.028963/s

    EXECUTION
    iteration_duration............: avg=5m10s    min=5m10s  med=5m10s  max=5m10s   p(90)=5m10s    p(95)=5m10s    p(99)=5m10s 
    iterations....................: 10000    32.181388/s
    vus...........................: 8265     min=8265       max=10000
    vus_max.......................: 10000    min=10000      max=10000

    NETWORK
    data_received.................: 2.5 GB   8.1 MB/s
    data_sent.....................: 17 MB    53 kB/s

    WEBSOCKET
    ws_connecting.................: avg=3.6ms    min=1.07ms med=3.39ms max=70.53ms p(90)=4.35ms   p(95)=4.73ms   p(99)=5.55ms
    ws_msgs_received..............: 1895153  6098.865491/s
    ws_msgs_sent..................: 119999   386.173444/s
    ws_ping.......................: avg=166.98ms min=0s     med=1.56ms max=2.68s   p(90)=597.88ms p(95)=827.64ms p(99)=1.58s 
    ws_session_duration...........: avg=4m0s     min=3m0s   med=4m0s   max=5m0s    p(90)=4m48s    p(95)=4m54s    p(99)=4m59s 
    ws_sessions...................: 10000    32.181388/s



